// Jest Snapshot v1, https://goo.gl/fbAQLP

exports[`PostHTML plugin plugin matches snapshot 1`] = `"<body></body>"`;
