// Jest Snapshot v1, https://goo.gl/fbAQLP

exports[`posthtml-plugin matches the snapshot 1`] = `"<body></body>"`;
